// Jest Snapshot v1, https://goo.gl/fbAQLP

exports[`Pruebas del componente <GifGridItem /> should mostrar el componente correctamente <GifGridItem /> 1`] = `
<div
  className="card animate__animated animate__fadeIn"
>
  <img
    alt="Titulo"
    src="https://local"
  />
  <p>
    Titulo
  </p>
</div>
`;
